The system is: Windows - 10.0.19045 - AMD64
Compiling the CXX compiler identification source file "CMakeCXXCompilerId.cpp" succeeded.
Compiler:  
Build flags: /DWIN32;/D_WINDOWS;/EHsc
Id flags:  

The output was:
0
MSBuild version 17.5.0+6f08c67f3 for .NET Framework
Kompilacja rozpocz─Ö┼éa si─Ö 28.07.2026 07:28:49.
Included response file: C:\Program Files\Microsoft Visual Studio\2022\Community\MSBuild\Current\Bin\amd64\MSBuild.rsp

Projekt ÔÇ×C:\Users\huber\Desktop\moustache panel\native\build\CMakeFiles\3.25.1-msvc1\CompilerIdCXX\CompilerIdCXX.vcxprojÔÇŁ w w─Ö┼║le 1 (domy┼Ťlne elementy docelowe).
PrepareForBuild:
  Tworzenie katalogu ÔÇ×Debug\ÔÇŁ.
  Tworzenie katalogu ÔÇ×Debug\CompilerIdCXX.tlog\ÔÇŁ.
InitializeBuildStatus:
  Trwa tworzenie ÔÇ×Debug\CompilerIdCXX.tlog\unsuccessfulbuildÔÇŁ, poniewa┼╝ okre┼Ťlono "AlwaysCreate".
VcpkgTripletSelection:
  Using triplet "x64-windows" from "C:\dev\vcpkg\installed\x64-windows\"
  Using normalized configuration "Release"
ClCompile:
  C:\Program Files\Microsoft Visual Studio\2022\Community\VC\Tools\MSVC\14.35.32215\bin\HostX64\x64\CL.exe /c /I"C:\dev\vcpkg\installed\x64-windows\include" /nologo /W0 /WX- /diagnostics:column /Od /D _MBCS /Gm- /EHsc /RTC1 /MDd /GS /fp:precise /Zc:wchar_t /Zc:forScope /Zc:inline /Fo"Debug\\" /Fd"Debug\vc143.pdb" /external:W0 /Gd /TP /FC /errorReport:queue CMakeCXXCompilerId.cpp
  CMakeCXXCompilerId.cpp
Link:
  C:\Program Files\Microsoft Visual Studio\2022\Community\VC\Tools\MSVC\14.35.32215\bin\HostX64\x64\link.exe /ERRORREPORT:QUEUE /OUT:".\CompilerIdCXX.exe" /INCREMENTAL:NO /NOLOGO /LIBPATH:"C:\dev\vcpkg\installed\x64-windows\lib" /LIBPATH:"C:\dev\vcpkg\installed\x64-windows\lib\manual-link" kernel32.lib user32.lib gdi32.lib winspool.lib comdlg32.lib advapi32.lib shell32.lib ole32.lib oleaut32.lib uuid.lib odbc32.lib odbccp32.lib "C:\dev\vcpkg\installed\x64-windows\lib\*.lib" /MANIFEST /MANIFESTUAC:"level='asInvoker' uiAccess='false'" /manifest:embed /PDB:".\CompilerIdCXX.pdb" /SUBSYSTEM:CONSOLE /TLBID:1 /DYNAMICBASE /NXCOMPAT /IMPLIB:".\CompilerIdCXX.lib" /MACHINE:X64 Debug\CMakeCXXCompilerId.obj
  CompilerIdCXX.vcxproj -> C:\Users\huber\Desktop\moustache panel\native\build\CMakeFiles\3.25.1-msvc1\CompilerIdCXX\CompilerIdCXX.exe
AppLocalFromInstalled:
  pwsh.exe -ExecutionPolicy Bypass -noprofile -File "C:\dev\vcpkg\scripts\buildsystems\msbuild\applocal.ps1" "C:\Users\huber\Desktop\moustache panel\native\build\CMakeFiles\3.25.1-msvc1\CompilerIdCXX\CompilerIdCXX.exe" "C:\dev\vcpkg\installed\x64-windows\bin" "Debug\CompilerIdCXX.tlog\CompilerIdCXX.write.1u.tlog" "Debug\vcpkg.applocal.log"
  'pwsh.exe' is not recognized as an internal or external command,
  operable program or batch file.
  Polecenie ÔÇ×pwsh.exe -ExecutionPolicy Bypass -noprofile -File "C:\dev\vcpkg\scripts\buildsystems\msbuild\applocal.ps1" "C:\Users\huber\Desktop\moustache panel\native\build\CMakeFiles\3.25.1-msvc1\CompilerIdCXX\CompilerIdCXX.exe" "C:\dev\vcpkg\installed\x64-windows\bin" "Debug\CompilerIdCXX.tlog\CompilerIdCXX.write.1u.tlog" "Debug\vcpkg.applocal.log"ÔÇŁ zosta┼éo zako┼äczone przez kod 9009.
  "C:\Windows\System32\WindowsPowerShell\v1.0\powershell.exe" -ExecutionPolicy Bypass -noprofile -File "C:\dev\vcpkg\scripts\buildsystems\msbuild\applocal.ps1" "C:\Users\huber\Desktop\moustache panel\native\build\CMakeFiles\3.25.1-msvc1\CompilerIdCXX\CompilerIdCXX.exe" "C:\dev\vcpkg\installed\x64-windows\bin" "Debug\CompilerIdCXX.tlog\CompilerIdCXX.write.1u.tlog" "Debug\vcpkg.applocal.log"
PostBuildEvent:
  for %%i in (cl.exe) do @echo CMAKE_CXX_COMPILER=%%~$PATH:i
  :VCEnd
  CMAKE_CXX_COMPILER=C:\Program Files\Microsoft Visual Studio\2022\Community\VC\Tools\MSVC\14.35.32215\bin\Hostx64\x64\cl.exe
FinalizeBuildStatus:
  Usuwanie pliku ÔÇ×Debug\CompilerIdCXX.tlog\unsuccessfulbuildÔÇŁ.
  Modyfikowanie ÔÇ×Debug\CompilerIdCXX.tlog\CompilerIdCXX.lastbuildstateÔÇŁ.
Kompilowanie projektu ÔÇ×C:\Users\huber\Desktop\moustache panel\native\build\CMakeFiles\3.25.1-msvc1\CompilerIdCXX\CompilerIdCXX.vcxprojÔÇŁ wykonane (domy┼Ťlne elementy docelowe).

Kompilacja powiod┼éa si─Ö.
    Ostrze┼╝enia: 0
    Liczba b┼é─Öd├│w: 0

Czas, kt├│ry up┼éyn─ů┼é: 00:00:01.46


Compilation of the CXX compiler identification source "CMakeCXXCompilerId.cpp" produced "CompilerIdCXX.exe"

Compilation of the CXX compiler identification source "CMakeCXXCompilerId.cpp" produced "CompilerIdCXX.vcxproj"

The CXX compiler identification is MSVC, found in "C:/Users/huber/Desktop/moustache panel/native/build/CMakeFiles/3.25.1-msvc1/CompilerIdCXX/CompilerIdCXX.exe"

Detecting CXX compiler ABI info compiled with the following output:
Change Dir: C:/Users/huber/Desktop/moustache panel/native/build/CMakeFiles/CMakeScratch/TryCompile-e3jgyv

Run Build Command(s):C:/Program Files/Microsoft Visual Studio/2022/Community/MSBuild/Current/Bin/amd64/MSBuild.exe cmTC_4e2eb.vcxproj /p:Configuration=Debug /p:Platform=x64 /p:VisualStudioVersion=17.0 /v:m && MSBuild version 17.5.0+6f08c67f3 for .NET Framework

  Microsoft (R) C/C++ wersja kompilatora optymalizuj─ůcego 19.35.32215 dla x64
  CMakeCXXCompilerABI.cpp
  Copyright (C) Microsoft Corporation. Wszystkie prawa zastrze┼╝one.
  cl /c /I"C:\dev\vcpkg\installed\x64-windows\include" /Zi /W1 /WX- /diagnostics:column /Od /Ob0 /D _MBCS /D WIN32 /D _WINDOWS /D "CMAKE_INTDIR=\"Debug\"" /Gm- /EHsc /RTC1 /MDd /GS /fp:precise /Zc:wchar_t /Zc:forScope /Zc:inline /Fo"cmTC_4e2eb.dir\Debug\\" /Fd"cmTC_4e2eb.dir\Debug\vc143.pdb" /external:W1 /Gd /TP /errorReport:queue "C:\Program Files\Microsoft Visual Studio\2022\Community\Common7\IDE\CommonExtensions\Microsoft\CMake\CMake\share\cmake-3.25\Modules\CMakeCXXCompilerABI.cpp"
  cmTC_4e2eb.vcxproj -> C:\Users\huber\Desktop\moustache panel\native\build\CMakeFiles\CMakeScratch\TryCompile-e3jgyv\Debug\cmTC_4e2eb.exe
  'pwsh.exe' is not recognized as an internal or external command,
  operable program or batch file.



